// Jest Snapshot v1, https://goo.gl/fbAQLP

exports[`LocationPokemon Component renders loading message if props is empty 1`] = `
<div>
  <div
    className="ui mini text loader"
  >
    Fetching Pok√©mon Location Info...
  </div>
</div>
`;
